[36mvite v5.4.21 [32mbuilding for production...[36m[39m
transforming...
[32mΓ£ô[39m 2679 modules transformed.
node.exe : [31mx[39m Build failed in 2.32s
At line:1 char:1
+ & "C:\Program Files\nodejs/node.exe" 
"C:\Program Files\nodejs/node_mo ...
+ ~~~~~~~~~~~~~~~~~~~~~~~~~~~~~~~~~~~~~~~~~~~~
~~~~~~~~~~~~~~~~~~~~~~~~~
    + CategoryInfo          : NotSpecified: ( 
   [31mx[39m Build failed in 2.32s:String)  
   [], RemoteException
    + FullyQualifiedErrorId : NativeCommandEr 
   ror
 
[31merror during build:
[31msrc/components/TaskPageLayout.jsx 
(19:9): "GlobalFAB" is not exported by 
"src/components/GlobalFAB.jsx", imported by 
"src/components/TaskPageLayout.jsx".[31m
file: [36mC:/Users/liron/100_Blessings/fronte
nd/src/components/TaskPageLayout.jsx:19:9[31m
[33m
17: import { restrictToWindowEdges } from 
'@dnd-kit/modifiers';
18: import { SortableTaskItem } from 
'./TaskComponents/index.jsx';
19: import { GlobalFAB, GlobalFABOverlay } 
from './GlobalFAB';
             ^
[31m
    at getRollupError (file:///C:/Users/liron/
100_Blessings/frontend/node_modules/rollup/dis
t/es/shared/parseAst.js:402:41)
    at error (file:///C:/Users/liron/100_Bless
ings/frontend/node_modules/rollup/dist/es/shar
ed/parseAst.js:398:42)
    at Module.error (file:///C:/Users/liron/10
0_Blessings/frontend/node_modules/rollup/dist/
es/shared/node-entry.js:17040:16)
    at Module.traceVariable (file:///C:/Users/
liron/100_Blessings/frontend/node_modules/roll
up/dist/es/shared/node-entry.js:17452:29)
    at ModuleScope.findVariable (file:///C:/Us
ers/liron/100_Blessings/frontend/node_modules/
rollup/dist/es/shared/node-entry.js:15070:39)
    at ReturnValueScope.findVariable (file:///
C:/Users/liron/100_Blessings/frontend/node_mod
ules/rollup/dist/es/shared/node-entry.js:5673:
38)
    at FunctionBodyScope.findVariable (file://
/C:/Users/liron/100_Blessings/frontend/node_mo
dules/rollup/dist/es/shared/node-entry.js:5673
:38)
    at Identifier.bind (file:///C:/Users/liron
/100_Blessings/frontend/node_modules/rollup/di
st/es/shared/node-entry.js:5447:40)
    at CallExpression.bind (file:///C:/Users/l
iron/100_Blessings/frontend/node_modules/rollu
p/dist/es/shared/node-entry.js:2825:28)
    at CallExpression.bind (file:///C:/Users/l
iron/100_Blessings/frontend/node_modules/rollu
p/dist/es/shared/node-entry.js:12179:15)[39m
